******************************************************************************
                  TI ARM Linker PC v18.12.3                    
******************************************************************************
>> Linked Mon Dec 30 12:59:20 2019

OUTPUT FILE NAME:   <simple_peripheral_cc1350lp_stack_FlashROM.out>
ENTRY POINT SYMBOL: "startup_entry"  address: 0000f001


MEMORY CONFIGURATION

         name            origin    length      used     unused   attr    fill
----------------------  --------  ---------  --------  --------  ----  --------
  FLASH                 00000000   0001f000  0000fed8  0000f128  R  X
  SRAM                  20000000   000048e7  000005b4  00004333  RW X


SEGMENT ALLOCATION MAP

run origin  load origin   length   init length attrs members
----------  ----------- ---------- ----------- ----- -------
0000f000    0000f000    0000eed8   0000eed8    r-x
  0000f000    0000f000    00000568   00000568    r-x EntrySection
  0000f568    0000f568    0000d6a4   0000d6a4    r-x .text
  0001cc0c    0001cc0c    000006f8   000006f8    r-- .const
  0001d304    0001d304    00000732   00000732    r-- .rodata
  0001da38    0001da38    000004a0   000004a0    r-- .cinit
0001e000    0001e000    00001000   00001000    r--
  0001e000    0001e000    00001000   00001000    r-- .TI.bound:NV_FLASH
20004330    20004330    000005b4   00000000    rw-
  20004330    20004330    00000148   00000000    rw- .bss
  20004478    20004478    0000046c   00000000    rw- .data


SECTION ALLOCATION MAP

 output                                  attributes/
section   page    origin      length       input sections
--------  ----  ----------  ----------   ----------------
EntrySection 
*          0    0000f000    00000568     
                  0000f000    00000470     icall_startup.obj (EntrySection:startup_entry)
                  0000f470    00000008     rtsv7M3_T_le_eabi.lib : autoinit.c.obj (.tramp.__TI_auto_init_nobinit_nopinit.1)
                  0000f478    00000008     host_pxxx.a : l2cap_if.o (.tramp.L2CAP_SetUserConfig.1)
                  0000f480    00000008     <whole-program> (.tramp.ICall_enrollService$21.1)
                  0000f488    00000008     <whole-program> (.tramp.halAssertHandlerExt.1)
                  0000f490    00000008     <whole-program> (.tramp.HalFlashRead.1)
                  0000f498    00000008     <whole-program> (.tramp.findOffset$13.1)
                  0000f4a0    00000008     <whole-program> (.tramp.compactPage$13.1)
                  0000f4a8    00000008     <whole-program> (.tramp.erasePage$13.1)
                  0000f4b0    00000008     <whole-program> (.tramp.setActivePage$13.1)
                  0000f4b8    00000008     <whole-program> (.tramp.osal_mem_alloc.1)
                  0000f4c0    00000008     <whole-program> (.tramp.osal_memset.1)
                  0000f4c8    00000008     cc1350_ctrl_pxxx.a : ll_patch.o (.tramp.LL_Init.1)
                  0000f4d0    00000008     cc26xx_hci_tl_none.a : hci_tl.o (.tramp.HCI_Init.1)
                  0000f4d8    00000008     host_pxxx.a : l2cap_task.o (.tramp.L2CAP_Init.1)
                  0000f4e0    00000008                 : gap_task.o (.tramp.GAP_Init.1)
                  0000f4e8    00000008                 : sm_task.o (.tramp.SM_Init.1)
                  0000f4f0    00000008                 : gatt_task.o (.tramp.GATT_Init.1)
                  0000f4f8    00000008                 : gattservapp.o (.tramp.GATTServApp_Init.1)
                  0000f500    00000008                 : gap_task.o (.tramp.GAP_RegisterBondMgrCBs.1)
                  0000f508    00000008     <whole-program> (.tramp.gapBondMgrReadBonds$16.1)
                  0000f510    00000008     <whole-program> (.tramp.osal_snv_read.1)
                  0000f518    00000008     <whole-program> (.tramp.ICall_getTicks$7.1)
                  0000f520    00000008     <whole-program> (.tramp.ICall_setTimer$7.1)
                  0000f528    00000008     <whole-program> (.tramp.ICall_abort$7.1)
                  0000f530    00000008     <whole-program> (.tramp.osal_next_timeout.1)
                  0000f538    00000008     rtsv7M3_T_le_eabi.lib : ll_mul_t2.asm.obj (.tramp.__aeabi_lmul.1)
                  0000f540    00000008                           : ull_div_t2.asm.obj (.tramp.__aeabi_uldivmod.1)
                  0000f548    00000008     <whole-program> (.tramp.osalTimerUpdate.1)
                  0000f550    00000008     <whole-program> (.tramp.osal_alien2proxy$7.1)
                  0000f558    00000008     <whole-program> (.tramp.osal_msg_send.1)
                  0000f560    00000008     <whole-program> (.tramp.ICall_setTimerMSecs$7.1)

.text      0    0000f568    0000d6a4     
                  0000f568    00000096     rtsv7M3_T_le_eabi.lib : ull_div_t2.asm.obj (.text)
                  0000f5fe    0000007a                           : memset_t2.asm.obj (.text)
                  0000f678    00000018                           : ll_mul_t2.asm.obj (.text)
                  0000f690    0000009c                           : memcpy_t2.asm.obj (.text)
                  0000f72c    00000044                           : autoinit.c.obj (.text:__TI_auto_init_nobinit_nopinit:__TI_auto_init_nobinit_nopinit)
                  0000f770    00000002                           : div0.asm.obj (.text)
                  0000f772    00000002     hal_assert.obj (.text:halAssertHandler)
                  0000f774    000001e8     host_pxxx.a : att_server.o (.text)
                  0000f95c    000005f4                 : att_util.o (.text)
                  0000ff50    00000350                 : gap_configmgr.o (.text)
                  000102a0    000000b0                 : gap_devmgr.o (.text)
                  00010350    000009b4                 : gap_linkmgr.o (.text)
                  00010d04    00000634                 : gap_peridevmgr.o (.text)
                  00011338    00000110                 : gap_perilinkmgr.o (.text)
                  00011448    000002f0                 : gap_task.o (.text)
                  00011738    00000340                 : gapgattserver.o (.text)
                  00011a78    00000b56                 : gatt_server.o (.text)
                  000125ce    00000002     onboard.obj (.text:Onboard_soft_reset)
                  000125d0    000002ee     host_pxxx.a : gatt_task.o (.text)
                  000128be    00000002     hal_assert.obj (.text:halAssertSpinlock)
                  000128c0    00000116     host_pxxx.a : gatt_uuid.o (.text)
                  000129d6    00000002     --HOLE-- [fill = 0]
                  000129d8    00000ff0                 : gattservapp.o (.text)
                  000139c8    00000182                 : l2cap_if.o (.text)
                  00013b4a    00000002     --HOLE-- [fill = 0]
                  00013b4c    000002ae                 : l2cap_task.o (.text)
                  00013dfa    00000002     --HOLE-- [fill = 0]
                  00013dfc    00000688                 : l2cap_util.o (.text)
                  00014484    000002f8                 : linkdb.o (.text)
                  0001477c    000006bc                 : sm_mgr.o (.text)
                  00014e38    000007e4                 : sm_pairing.o (.text)
                  0001561c    00000578                 : sm_rsppairing.o (.text)
                  00015b94    000000e8                 : sm_task.o (.text)
                  00015c7c    00000392                 : smp.o (.text)
                  0001600e    00000002     --HOLE-- [fill = 0]
                  00016010    0000052c     cc1350_ctrl_pxxx.a : ble_patch.o (.text)
                  0001653c    000000a8                        : hci_data_patch.o (.text)
                  000165e4    00000550                        : hci_event_patch.o (.text)
                  00016b34    000002ce                        : hci_patch.o (.text)
                  00016e02    00000002     --HOLE-- [fill = 0]
                  00016e04    0000042c                        : ll_adv_end_causes_patch.o (.text)
                  00017230    00000c0c                        : ll_common_patch.o (.text)
                  00017e3c    00000148                        : ll_enc_patch.o (.text)
                  00017f84    0000110c                        : ll_patch.o (.text)
                  00019090    00000010                        : ll_rat_patch.o (.text)
                  000190a0    000001ac                        : ll_scheduler_patch.o (.text)
                  0001924c    000006fe                        : ll_slave_end_causes_patch.o (.text)
                  0001994a    00000002     --HOLE-- [fill = 0]
                  0001994c    0000003a                        : ll_sleep.o (.text)
                  00019986    000000ae                        : ll_wl_patch.o (.text)
                  00019a34    00000414                        : ll_isr.o (.text)
                  00019e48    000000ac     cc26xx_hci_tl_none.a : hci_tl.o (.text)
                  00019ef4    0000000c     driverlib.lib : cpu.obj (.text:NOROM_CPUcpsie)
                  00019f00    0000000c                   : cpu.obj (.text:NOROM_CPUcpsid)
                  00019f0c    00000020     osal_timers.obj (.text:osalFindTimer)
                  00019f2c    00000048     osal_timers.obj (.text:osalAddTimer)
                  00019f74    00000016     rom_jt.obj (.text:ROM_Spinlock)
                  00019f8a    00000002     --HOLE-- [fill = 0]
                  00019f8c    00000038     hal_trng_wrapper.obj (.text:HalTRNG_InitTRNG)
                  00019fc4    00000068     driverlib.lib : interrupt.obj (.text:NOROM_IntDisable)
                  0001a02c    0000005c                   : interrupt.obj (.text:NOROM_IntEnable)
                  0001a088    00000010     rom_jt.obj (.text:IntMasterDisable$22)
                  0001a098    00000010     rom_jt.obj (.text:IntMasterEnable$22)
                  0001a0a8    00000028     osal_bufmgr.obj (.text:bm_desc_from_payload$8)
                  0001a0d0    00000028     osal_bufmgr.obj (.text:osal_bm_adjust_header)
                  0001a0f8    00000004     osal.obj (.text:osal_memset)
                  0001a0fc    00000018     osal.obj (.text:osal_memcpy)
                  0001a114    00000024     osal.obj (.text:osal_msg_allocate)
                  0001a138    0000000c     osal.obj (.text:osal_self)
                  0001a144    00000020     osal.obj (.text:osal_msg_deallocate)
                  0001a164    0000001c     osal.obj (.text:osal_proxy2alien$7)
                  0001a180    00000020     hal_flash_wrapper.obj (.text:HalFlashGetAddress)
                  0001a1a0    00000030     osal_timers.obj (.text:osal_get_timeoutEx)
                  0001a1d0    0000009c     osal_cbtimer.obj (.text:osal_CbTimerProcessEvent)
                  0001a26c    00000030     hal_flash_wrapper.obj (.text:HalFlashRead)
                  0001a29c    0000005c     osal_snv_wrapper.obj (.text:findItem$13)
                  0001a2f8    0000001e     osal_snv_wrapper.obj (.text:osal_snv_read)
                  0001a316    0000001a     osal.obj (.text:osal_isbufset)
                  0001a330    0000002c     gapbondmgr.obj (.text:gapBondMgrGetPublicAddr$16)
                  0001a35c    00000020     osal.obj (.text:osal_memcmp)
                  0001a37c    0000002c     gapbondmgr.obj (.text:gapBondMgrFindAddr$16)
                  0001a3a8    000000d4     gapbondmgr.obj (.text:GAPBondMgr_ResolveAddr)
                  0001a47c    0000001e     gapbondmgr.obj (.text:gapBondMgrInvertCharCfgItem$16)
                  0001a49a    00000018     gapbondmgr.obj (.text:gapBondMgrFindCharCfgItem$16)
                  0001a4b2    00000002     --HOLE-- [fill = 0]
                  0001a4b4    00000014     driverlib.lib : vims.obj (.text:NOROM_VIMSModeGet)
                  0001a4c8    0000002c     osal_snv_wrapper.obj (.text:disableCache$13)
                  0001a4f4    0000001c     driverlib.lib : flash.obj (.text:NOROM_FlashProgram)
                  0001a510    0000000a     hal_flash_wrapper.obj (.text:HalFlashWrite)
                  0001a51a    00000002     --HOLE-- [fill = 0]
                  0001a51c    0000001c     osal_snv_wrapper.obj (.text:enableCache$13)
                  0001a538    00000024     rtsv7M3_T_le_eabi.lib : memcmp.c.obj (.text:memcmp)
                  0001a55c    00000070     osal_snv_wrapper.obj (.text:writeWord$13)
                  0001a5cc    00000010     osal_snv_wrapper.obj (.text:setXferPage$13)
                  0001a5dc    0000001c     driverlib.lib : flash.obj (.text:NOROM_FlashSectorErase)
                  0001a5f8    00000040     osal_snv_wrapper.obj (.text:erasePage$13)
                  0001a638    00000014     osal_snv_wrapper.obj (.text:setActivePage$13)
                  0001a64c    00000114     osal_snv_wrapper.obj (.text:compactPage$13)
                  0001a760    000000f8     osal_snv_wrapper.obj (.text:osal_snv_write)
                  0001a858    0000009e     gapbondmgr.obj (.text:gapBondMgrUpdateCharCfg$16)
                  0001a8f6    00000042     gapbondmgr.obj (.text:GAPBondMgr_UpdateCharCfg)
                  0001a938    0000001c     gapbondmgr.obj (.text:gapBondFreeAuthEvt$16)
                  0001a954    00000030     gapbondmgr.obj (.text:gapBondMgr_SyncWhiteList$16)
                  0001a984    00000028     gapbondmgr.obj (.text:gapBondMgrBondTotal$16)
                  0001a9ac    0000001e     gapbondmgr.obj (.text:gapBondSetupPrivFlag$16)
                  0001a9ca    00000002     --HOLE-- [fill = 0]
                  0001a9cc    0000004c     gapbondmgr.obj (.text:gapBondMgrUpdateLruBondList$16)
                  0001aa18    00000154     gapbondmgr.obj (.text:gapBondMgrAddBond$16)
                  0001ab6c    000000dc     gapbondmgr.obj (.text:gapBondMgrAuthenticate$16)
                  0001ac48    000000e4     gapbondmgr.obj (.text:gapBondMgrEraseBonding$16)
                  0001ad2c    00000016     gapbondmgr.obj (.text:gapBondMgrEraseAllBondings$16)
                  0001ad42    00000002     --HOLE-- [fill = 0]
                  0001ad44    00000028     osal_snv_wrapper.obj (.text:osal_snv_compact)
                  0001ad6c    00000058     gapbondmgr.obj (.text:gapBondMgrReadBonds$16)
                  0001adc4    00000050     gapbondmgr.obj (.text:GAPBondMgr_LinkTerm)
                  0001ae14    00000190     gapbondmgr.obj (.text:GAPBondMgr_ProcessGAPMsg)
                  0001afa4    00000144     gapbondmgr.obj (.text:GAPBondMgr_ProcessEvent)
                  0001b0e8    00000090     osal.obj (.text:osal_msg_receive)
                  0001b178    0000006c     gapbondmgr.obj (.text:gapBondMgrBondReq$16)
                  0001b1e4    000000f8     gapbondmgr.obj (.text:GAPBondMgr_LinkEst)
                  0001b2dc    00000054     ble_dispatch.obj (.text:sendGapCmdStatus$5)
                  0001b330    0000007c     ble_dispatch.obj (.text:checkNVLen$5)
                  0001b3ac    0000001c     osal.obj (.text:osal_revmemcpy)
                  0001b3c8    0000021e     ble_dispatch.obj (.text:processICallLL$5)
                  0001b5e6    00000002     --HOLE-- [fill = 0]
                  0001b5e8    00000878     ble_dispatch.obj (.text:bleDispatch_ProcessEvent)
                  0001be60    00000024     osal_pwrmgr.obj (.text:ICall_pwrUpdActivityCounter$12)
                  0001be84    00000070     osal_pwrmgr.obj (.text:osal_pwrmgr_task_state)
                  0001bef4    0000009c     osal.obj (.text:osal_msg_enqueue_push$7)
                  0001bf90    00000060     osal.obj (.text:osal_msg_send)
                  0001bff0    00000034     osal.obj (.text:ICall_send$7)
                  0001c024    000000ac     osal.obj (.text:osal_set_event)
                  0001c0d0    00000034     osal_timers.obj (.text:osal_start_timerEx)
                  0001c104    00000034     osal_timers.obj (.text:osal_stop_timerEx)
                  0001c138    00000034     osal.obj (.text:osal_clear_event)
                  0001c16c    00000040     hal_trng_wrapper.obj (.text:HalTRNG_GetTRNG)
                  0001c1ac    00000020     osal.obj (.text:ICall_signal$7)
                  0001c1cc    00000034     osal.obj (.text:osal_msec_timer_cback$7)
                  0001c200    0000003c     osal_timers.obj (.text:osal_start_reload_timer)
                  0001c23c    00000028     osal_memory_icall.obj (.text:osal_mem_alloc)
                  0001c264    0000003c     osal_bufmgr.obj (.text:osal_bm_alloc)
                  0001c2a0    0000002c     ble_dispatch.obj (.text:bleDispatch_BMAlloc)
                  0001c2cc    00000020     osal_memory_icall.obj (.text:ICall_free$11)
                  0001c2ec    0000004c     osal_bufmgr.obj (.text:osal_bm_free)
                  0001c338    00000018     ble_dispatch.obj (.text:bleDispatch_BMFree)
                  0001c350    0000001c     hal_assert.obj (.text:halAssertHandlerExt)
                  0001c36c    00000024     osal.obj (.text:ICall_abort$7)
                  0001c390    00000030     osal.obj (.text:osal_alien2proxy$7)
                  0001c3c0    00000024     osal.obj (.text:osal_service_entry)
                  0001c3e4    00000038     osal_icall_ble.obj (.text:ICall_enrollService$21)
                  0001c41c    0000002c     osal_snv_wrapper.obj (.text:findOffset$13)
                  0001c448    00000020     osal.obj (.text:ICall_getTicks$7)
                  0001c468    00000040     osal.obj (.text:ICall_setTimer$7)
                  0001c4a8    00000028     osal_timers.obj (.text:osal_next_timeout)
                  0001c4d0    000000e4     osal_timers.obj (.text:osalTimerUpdate)
                  0001c5b4    0000003c     osal.obj (.text:ICall_setTimerMSecs$7)
                  0001c5f0    00000014     rtsv7M3_T_le_eabi.lib : strlen.c.obj (.text:strlen)
                  0001c604    00000004     osal.obj (.text:osal_strlen)
                  0001c608    00000010     onboard.obj (.text:Onboard_rand)
                  0001c618    0000001c     osal.obj (.text:osal_memdup)
                  0001c634    0000002e     osal.obj (.text:osal_build_uint32)
                  0001c662    00000018     osal.obj (.text:osal_buffer_uint32)
                  0001c67a    00000002     --HOLE-- [fill = 0]
                  0001c67c    00000058     osal_cbtimer.obj (.text:osal_CbTimerStop)
                  0001c6d4    0000009c     osal_cbtimer.obj (.text:cbTimerSetup$9)
                  0001c770    0000000c     osal_cbtimer.obj (.text:osal_CbTimerStart)
                  0001c77c    0000001c     rtsv7M3_T_le_eabi.lib : copy_zero_init.c.obj (.text:decompress:ZI:__TI_zero_init_nomemset:__TI_zero_init_nomemset)
                  0001c798    0000000e                           : copy_decompress_none.c.obj (.text:decompress:none:__TI_decompress_none)
                  0001c7a6    00000068                           : copy_decompress_lzss.c.obj (.text:decompress:lzss:__TI_decompress_lzss)
                  0001c80e    00000002     --HOLE-- [fill = 0]
                  0001c810    00000020     gattservapp_util.obj (.text:gattServApp_FindCharCfgItem$17)
                  0001c830    00000010     gattservapp_util.obj (.text:GATTServApp_ReadCharCfg)
                  0001c840    00000034     gattservapp_util.obj (.text:GATTServApp_InitCharCfg)
                  0001c874    00000008     ble_rom_patch.symbols (.tramp.HCI_ReadBDADDRCmd.1)
                  0001c87c    00000008     ble_rom_patch.symbols (.tramp.HCI_LE_SetRandomAddressCmd.1)
                  0001c884    00000008     ble_rom_patch.symbols (.tramp.LL_ReadBDADDR.1)
                  0001c88c    00000008     ble_rom_patch.symbols (.tramp.HCI_DisconnectCmd.1)
                  0001c894    00000008     ble_rom_patch.symbols (.tramp.HCI_LE_SetAdvDataCmd.1)
                  0001c89c    00000008     ble_rom_patch.symbols (.tramp.HCI_LE_SetScanRspDataCmd.1)
                  0001c8a4    00000008     ble_rom_patch.symbols (.tramp.HCI_LE_SetAdvEnableCmd.1)
                  0001c8ac    00000008     ble_rom_patch.symbols (.tramp.HCI_LE_SetAdvParamCmd.1)
                  0001c8b4    00000008     ble_rom_patch.symbols (.tramp.HCI_SetControllerToHostFlowCtrlCmd.1)
                  0001c8bc    00000008     ble_rom_patch.symbols (.tramp.HCI_HostBufferSizeCmd.1)
                  0001c8c4    00000008     ble_rom_patch.symbols (.tramp.HCI_HostNumCompletedPktCmd.1)
                  0001c8cc    00000008     ble_rom_patch.symbols (.tramp.HCI_SendDataPkt.1)
                  0001c8d4    00000008     ble_rom_patch.symbols (.tramp.HCI_bm_alloc.1)
                  0001c8dc    00000008     ble_rom_patch.symbols (.tramp.LL_Encrypt.1)
                  0001c8e4    00000008     ble_rom_patch.symbols (.tramp.HCI_LE_LtkReqReplyCmd.1)
                  0001c8ec    00000008     ble_rom_patch.symbols (.tramp.HCI_LE_LtkReqNegReplyCmd.1)
                  0001c8f4    00000008     ble_rom_patch.symbols (.tramp.llMemCopySrc.1)
                  0001c8fc    00000008     ble_rom_patch.symbols (.tramp.LL_ENC_ReverseBytes.1)
                  0001c904    00000008     ble_rom_patch.symbols (.tramp.LL_ENC_GenDeviceSKD.1)
                  0001c90c    00000008     ble_rom_patch.symbols (.tramp.LL_ENC_GenDeviceIV.1)
                  0001c914    00000008     ble_rom_patch.symbols (.tramp.llEnqueueCtrlPkt.1)
                  0001c91c    00000008     ble_rom_patch.symbols (.tramp.llSetupUnknownRsp.1)
                  0001c924    00000008     ble_rom_patch.symbols (.tramp.LL_RX_bm_alloc.1)
                  0001c92c    00000008     ble_rom_patch.symbols (.tramp.llPatchCM0.1)
                  0001c934    00000008     ble_rom_patch.symbols (.tramp.RFHAL_AllocRatChan.1)
                  0001c93c    00000008     ble_rom_patch.symbols (.tramp.RFHAL_RegisterRatChanCallback.1)
                  0001c944    00000008     ble_rom_patch.symbols (.tramp.LL_CtrlToHostFlowControl.1)
                  0001c94c    00000008     ble_rom_patch.symbols (.tramp.HCI_SendCommandCompleteEvent.1)
                  0001c954    00000008     ble_rom_patch.symbols (.tramp.HCI_CommandCompleteEvent.1)
                  0001c95c    00000008     ble_rom_patch.symbols (.tramp.HCI_CommandStatusEvent.1)
                  0001c964    00000008     ble_rom_patch.symbols (.tramp.LL_EXT_ResetSystem.1)
                  0001c96c    00000008     ble_rom_patch.symbols (.tramp.LL_ReadLocalVersionInfo.1)
                  0001c974    00000008     ble_rom_patch.symbols (.tramp.llFreeTask.1)
                  0001c97c    00000008     ble_rom_patch.symbols (.tramp.LL_ENC_GeneratePseudoRandNum.1)
                  0001c984    00000008     ble_rom_patch.symbols (.tramp.llScheduler.1)
                  0001c98c    00000008     ble_rom_patch.symbols (.tramp.llConvertLstoToEvent.1)
                  0001c994    00000008     ble_rom_patch.symbols (.tramp.llConvertCtrlProcTimeoutToEvent.1)
                  0001c99c    00000008     ble_rom_patch.symbols (.tramp.llCalcScaFactor.1)
                  0001c9a4    00000008     ble_rom_patch.symbols (.tramp.llConnTerminate.1)
                  0001c9ac    00000008     ble_rom_patch.symbols (.tramp.RFHAL_InitDataQueue.1)
                  0001c9b4    00000008     ble_rom_patch.symbols (.tramp.llEventDelta.1)
                  0001c9bc    00000008     ble_rom_patch.symbols (.tramp.LL_TX_bm_alloc.1)
                  0001c9c4    00000008     ble_rom_patch.symbols (.tramp.RFHAL_GetNextDataEntry.1)
                  0001c9cc    00000008     ble_rom_patch.symbols (.tramp.RFHAL_FreeNextTxDataEntry.1)
                  0001c9d4    00000008     ble_rom_patch.symbols (.tramp.RFHAL_GetTempDataEntry.1)
                  0001c9dc    00000008     ble_rom_patch.symbols (.tramp.llReleaseConnId.1)
                  0001c9e4    00000008     ble_rom_patch.symbols (.tramp.llTimeCompare.1)
                  0001c9ec    00000008     ble_rom_patch.symbols (.tramp.HCI_HardwareErrorEvent.1)
                  0001c9f4    00000008     ble_rom_patch.symbols (.tramp.llGetCurrentTask.1)
                  0001c9fc    00000008     ble_rom_patch.symbols (.tramp.llTimeDelta.1)
                  0001ca04    00000008     ble_rom_patch.symbols (.tramp.llSetupRejectInd.1)
                  0001ca0c    00000008     ble_rom_patch.symbols (.tramp.LL_ENC_Init.1)
                  0001ca14    00000008     ble_rom_patch.symbols (.tramp.LL_ENC_LoadKey.1)
                  0001ca1c    00000008     ble_rom_patch.symbols (.tramp.LL_ENC_GenerateNonce.1)
                  0001ca24    00000008     ble_rom_patch.symbols (.tramp.LL_ENC_EncryptMsg.1)
                  0001ca2c    00000008     ble_rom_patch.symbols (.tramp.LL_ENC_DecryptMsg.1)
                  0001ca34    00000008     ble_rom_patch.symbols (.tramp.LL_ENC_GenerateTrueRandNum.1)
                  0001ca3c    00000008     ble_rom_patch.symbols (.tramp.WL_Init.1)
                  0001ca44    00000008     ble_rom_patch.symbols (.tramp.LL_ClearWhiteList.1)
                  0001ca4c    00000008     ble_rom_patch.symbols (.tramp.llReleaseAllConnId.1)
                  0001ca54    00000008     ble_rom_patch.symbols (.tramp.LL_ConnActive.1)
                  0001ca5c    00000008     ble_rom_patch.symbols (.tramp.HCI_DataBufferOverflowEvent.1)
                  0001ca64    00000008     ble_rom_patch.symbols (.tramp.LL_DirectTestEndDoneCback.1)
                  0001ca6c    00000008     ble_rom_patch.symbols (.tramp.llGetActiveTasks.1)
                  0001ca74    00000008     ble_rom_patch.symbols (.tramp.llSetupAdv.1)
                  0001ca7c    00000008     ble_rom_patch.symbols (.tramp.llGetNumTasks.1)
                  0001ca84    00000008     ble_rom_patch.symbols (.tramp.llCheckForLstoDuringSL.1)
                  0001ca8c    00000008     ble_rom_patch.symbols (.tramp.llEventInRange.1)
                  0001ca94    00000008     ble_rom_patch.symbols (.tramp.LL_ReadRemoteVersionInfoCback.1)
                  0001ca9c    00000008     ble_rom_patch.symbols (.tramp.LL_EncLtkReqCback.1)
                  0001caa4    00000008     ble_rom_patch.symbols (.tramp.LL_ENC_AES128_Encrypt.1)
                  0001caac    00000008     ble_rom_patch.symbols (.tramp.LL_EncKeyRefreshCback.1)
                  0001cab4    00000008     ble_rom_patch.symbols (.tramp.LL_EncChangeCback.1)
                  0001cabc    00000008     ble_rom_patch.symbols (.tramp.llSetupPauseEncRsp.1)
                  0001cac4    00000008     ble_rom_patch.symbols (.tramp.llSetupEncRsp.1)
                  0001cacc    00000008     ble_rom_patch.symbols (.tramp.llSetupStartEncRsp.1)
                  0001cad4    00000008     ble_rom_patch.symbols (.tramp.llSetupVersionIndReq.1)
                  0001cadc    00000008     ble_rom_patch.symbols (.tramp.llMoveTempTxDataEntries.1)
                  0001cae4    00000008     ble_rom_patch.symbols (.tramp.WL_ClearEntry.1)
                  0001caec    00000008     ble_rom_patch.symbols (.tramp.RFHAL_NextDataEntryDone.1)
                  0001caf4    00000008     ble_rom_patch.symbols (.tramp.HCI_LE_ClearWhiteListCmd.1)
                  0001cafc    00000008     ble_rom_patch.symbols (.tramp.HCI_LE_AddWhiteListCmd.1)
                  0001cb04    00000008     ble_rom_patch.symbols (.tramp.HCI_EXT_NumComplPktsLimitCmd.1)
                  0001cb0c    00000008     ble_rom_patch.symbols (.tramp.HCI_EXT_BuildRevisionCmd.1)
                  0001cb14    00000008     ble_rom_patch.symbols (.tramp.HCI_EXT_SetSlaveLatencyOverrideCmd.1)
                  0001cb1c    00000008     ble_rom_patch.symbols (.tramp.HCI_EXT_AdvEventNoticeCmd.1)
                  0001cb24    00000008     ble_rom_patch.symbols (.tramp.HCI_EXT_PERbyChanCmd.1)
                  0001cb2c    00000008     ble_rom_patch.symbols (.tramp.HCI_EXT_PacketErrorRateCmd.1)
                  0001cb34    00000008     ble_rom_patch.symbols (.tramp.HCI_EXT_DisconnectImmedCmd.1)
                  0001cb3c    00000008     ble_rom_patch.symbols (.tramp.HCI_EXT_SetMaxDtmTxPowerCmd.1)
                  0001cb44    00000008     ble_rom_patch.symbols (.tramp.HCI_EXT_EnablePTMCmd.1)
                  0001cb4c    00000008     ble_rom_patch.symbols (.tramp.HCI_EXT_SetSCACmd.1)
                  0001cb54    00000008     ble_rom_patch.symbols (.tramp.HCI_EXT_SetBDADDRCmd.1)
                  0001cb5c    00000008     ble_rom_patch.symbols (.tramp.HCI_EXT_EndModemTestCmd.1)
                  0001cb64    00000008     ble_rom_patch.symbols (.tramp.HCI_EXT_ModemTestRxCmd.1)
                  0001cb6c    00000008     ble_rom_patch.symbols (.tramp.HCI_EXT_ModemHopTestTxCmd.1)
                  0001cb74    00000008     ble_rom_patch.symbols (.tramp.HCI_EXT_ModemTestTxCmd.1)
                  0001cb7c    00000008     ble_rom_patch.symbols (.tramp.HCI_EXT_SetFastTxResponseTimeCmd.1)
                  0001cb84    00000008     ble_rom_patch.symbols (.tramp.HCI_EXT_SetLocalSupportedFeaturesCmd.1)
                  0001cb8c    00000008     ble_rom_patch.symbols (.tramp.HCI_EXT_DecryptCmd.1)
                  0001cb94    00000008     ble_rom_patch.symbols (.tramp.HCI_EXT_OnePktPerEvtCmd.1)
                  0001cb9c    00000008     ble_rom_patch.symbols (.tramp.HCI_EXT_SetTxPowerCmd.1)
                  0001cba4    00000008     ble_rom_patch.symbols (.tramp.HCI_LE_TestEndCmd.1)
                  0001cbac    00000008     ble_rom_patch.symbols (.tramp.HCI_LE_ReadSupportedStatesCmd.1)
                  0001cbb4    00000008     ble_rom_patch.symbols (.tramp.HCI_LE_EncryptCmd.1)
                  0001cbbc    00000008     ble_rom_patch.symbols (.tramp.HCI_LE_ReadChannelMapCmd.1)
                  0001cbc4    00000008     ble_rom_patch.symbols (.tramp.HCI_LE_RemoveWhiteListCmd.1)
                  0001cbcc    00000008     ble_rom_patch.symbols (.tramp.HCI_LE_ReadWhiteListSizeCmd.1)
                  0001cbd4    00000008     ble_rom_patch.symbols (.tramp.HCI_LE_ReadAdvChanTxPowerCmd.1)
                  0001cbdc    00000008     ble_rom_patch.symbols (.tramp.HCI_LE_ReadLocalSupportedFeaturesCmd.1)
                  0001cbe4    00000008     ble_rom_patch.symbols (.tramp.HCI_ReadLocalSupportedFeaturesCmd.1)
                  0001cbec    00000008     ble_rom_patch.symbols (.tramp.HCI_ReadTransmitPowerLevelCmd.1)
                  0001cbf4    00000008     ble_rom_patch.symbols (.tramp.HCI_SetEventMaskCmd.1)
                  0001cbfc    00000008     ble_rom_patch.symbols (.tramp.HCI_ReadRemoteVersionInfoCmd.1)
                  0001cc04    00000008     ble_rom_patch.symbols (.tramp.LL_PseudoRand.1)

.const     0    0001cc0c    000006f8     
                  0001cc0c    00000028     osal_icall_ble.obj (.const:tasksArr)
                  0001cc34    000006d0     rom_jt.obj (.const:$O12$$)

.constdata 
*          0    0001d304    00000000     UNINITIALIZED

.rodata    0    0001d304    00000732     
                  0001d304    00000008     host_pxxx.a : gapgattserver.o (.rodata)
                  0001d30c    00000008                 : gattservapp.o (.rodata)
                  0001d314    00000044     cc1350_ctrl_pxxx.a : hci_patch.o (.rodata)
                  0001d358    00000030                        : ll_config.o (.rodata)
                  0001d388    00000020                        : ll_config.o (.rodata)
                  0001d3a8    000001b0                        : ll_patch.o (.rodata)
                  0001d558    000004dc                        : ll_patch.o (.rodata)
                  0001da34    00000002                        : ll_patch.o (.rodata)

.cinit     0    0001da38    000004a0     
                  0001da38    0000000c     (__TI_handler_table)
                  0001da44    00000010     (__TI_cinit_table)
                  0001da54    00000004     --HOLE-- [fill = 0]
                  0001da58    00000474     (.cinit..data.load) [load image]
                  0001decc    00000004     --HOLE-- [fill = 0]
                  0001ded0    00000008     (.cinit..bss.load) [load image, compression = zero_init]

.pinit     0    0001ded8    00000000     UNINITIALIZED

.init_array 
*          0    0001ded8    00000000     UNINITIALIZED

.emb_text 
*          0    0001ded8    00000000     UNINITIALIZED

.bss       0    20004330    00000148     UNINITIALIZED
                  20004330    00000004     host_pxxx.a : att_server.o (.bss)
                  20004334    00000004                 : gap_devmgr.o (.bss)
                  20004338    00000004                 : gap_devmgr.o (.bss)
                  2000433c    00000001                 : gap_devmgr.o (.bss)
                  2000433d    00000002                 : gatt_task.o (.bss)
                  2000433f    00000001                 : l2cap_if.o (.bss)
                  20004340    00000004                 : gap_linkmgr.o (.bss)
                  20004344    00000004                 : gap_task.o (.bss)
                  20004348    00000004                 : gapgattserver.o (.bss)
                  2000434c    00000004                 : gatt_server.o (.bss)
                  20004350    00000008                 : gatt_task.o (.bss)
                  20004358    00000024                 : gattservapp.o (.bss)
                  2000437c    00000004                 : gattservapp.o (.bss)
                  20004380    00000030                 : l2cap_task.o (.bss)
                  200043b0    00000001                 : l2cap_util.o (.bss)
                  200043b1    00000001                 : sm_task.o (.bss)
                  200043b2    00000002     cc1350_ctrl_pxxx.a : ll_slave_end_causes_patch.o (.bss)
                  200043b4    00000038     host_pxxx.a : linkdb.o (.bss)
                  200043ec    0000000c                 : sm_pairing.o (.bss)
                  200043f8    00000010     cc1350_ctrl_pxxx.a : hci_event_patch.o (.bss)
                  20004408    00000008                        : ll_common_patch.o (.bss)
                  20004410    00000008                        : ll_patch.o (.bss)
                  20004418    00000001     cc26xx_hci_tl_none.a : hci_tl.o (.bss)
                  20004419    00000001                          : hci_tl.o (.bss)
                  2000441a    00000001                          : hci_tl.o (.bss)
                  2000441b    00000001                          : hci_tl.o (.bss)
                  2000441c    00000001                          : hci_tl.o (.bss)
                  2000441d    00000001                          : hci_tl.o (.bss)
                  2000441e    00000002     --HOLE--
                  20004420    00000004     hal_trng_wrapper.obj (.bss)
                  20004424    0000003c     ble_dispatch.obj (.bss:$O3$$)
                  20004460    00000008     osal_timers.obj (.bss:$O9$$)
                  20004468    0000000c     icall_startup.obj (.bss:$O11$$)
                  20004474    00000004     (.common:tasksEvents)

.data      0    20004478    0000046c     UNINITIALIZED
                  20004478    0000002c     host_pxxx.a : gap_configmgr.o (.data)
                  200044a4    00000050                 : gap_configmgr.o (.data)
                  200044f4    0000001c                 : gap_linkmgr.o (.data)
                  20004510    0000001c                 : gap_peridevmgr.o (.data)
                  2000452c    00000004                 : gap_perilinkmgr.o (.data)
                  20004530    0000000c                 : gap_task.o (.data)
                  2000453c    00000001                 : gapgattserver.o (.data)
                  2000453d    00000001                 : gapgattserver.o (.data)
                  2000453e    00000001                 : gapgattserver.o (.data)
                  2000453f    00000001                 : gatt_server.o (.data)
                  20004540    00000024                 : gapgattserver.o (.data)
                  20004564    00000070                 : gapgattserver.o (.data)
                  200045d4    00000008                 : gatt_server.o (.data)
                  200045dc    00000001                 : gatt_task.o (.data)
                  200045dd    00000001                 : gattservapp.o (.data)
                  200045de    00000002                 : l2cap_task.o (.data)
                  200045e0    00000010                 : gattservapp.o (.data)
                  200045f0    00000008                 : l2cap_task.o (.data)
                  200045f8    00000010                 : sm_rsppairing.o (.data)
                  20004608    0000000c     cc1350_ctrl_pxxx.a : ll_common_patch.o (.data)
                  20004614    00000020                        : ll_config.o (.data)
                  20004634    00000004     osal_bufmgr.obj (.data)
                  20004638    00000110     cc1350_ctrl_pxxx.a : ll_patch.o (.data)
                  20004748    00000008     hal_assert.obj (.data:$O1$$)
                  20004750    0000002c     osal.obj (.data:$O4$$)
                  2000477c    0000007c     osal_cbtimer.obj (.data:$O5$$)
                  200047f8    00000008     osal_clock.obj (.data:$O6$$)
                  20004800    00000004     osal_pwrmgr.obj (.data:$O7$$)
                  20004804    00000004     osal_snv_wrapper.obj (.data:$O8$$)
                  20004808    000000dc     gapbondmgr.obj (.data:$O10$$)

.TI.bound:NV_FLASH 
*          0    0001e000    00001000     
                  0001e000    00001000     osal_snv_wrapper.obj (.TI.bound:NV_FLASH)

MODULE SUMMARY

       Module                                   code    ro data   rw data
       ------                                   ----    -------   -------
    .\HAL\Common\
       hal_assert.obj                           32      0         8      
    +--+----------------------------------------+-------+---------+---------+
       Total:                                   32      0         8      
                                                                         
    .\HAL\Target\CC2650\Drivers\
       hal_trng_wrapper.obj                     120     0         4      
       hal_flash_wrapper.obj                    90      0         0      
    +--+----------------------------------------+-------+---------+---------+
       Total:                                   210     0         4      
                                                                         
    .\ICallBLE\
       ble_dispatch.obj                         2986    0         60     
    +--+----------------------------------------+-------+---------+---------+
       Total:                                   2986    0         60     
                                                                         
    .\OSAL\
       osal_snv_wrapper.obj                     1014    4096      4      
       osal.obj                                 1356    0         44     
       osal_timers.obj                          584     0         8      
       osal_cbtimer.obj                         412     0         124    
       osal_bufmgr.obj                          216     0         4      
       osal_pwrmgr.obj                          148     0         4      
       osal_memory_icall.obj                    72      0         0      
       osal_clock.obj                           0       0         8      
    +--+----------------------------------------+-------+---------+---------+
       Total:                                   3802    4096      196    
                                                                         
    .\PROFILES\
       gapbondmgr.obj                           2858    0         220    
       gattservapp_util.obj                     100     0         0      
    +--+----------------------------------------+-------+---------+---------+
       Total:                                   2958    0         220    
                                                                         
    .\Startup\
       rom_jt.obj                               54      1744      0      
       icall_startup.obj                        1136    0         12     
       osal_icall_ble.obj                       56      40        0      
    +--+----------------------------------------+-------+---------+---------+
       Total:                                   1246    1784      12     
                                                                         
    .\TOOLS\
       onboard.obj                              18      0         0      
    +--+----------------------------------------+-------+---------+---------+
       Total:                                   18      0         0      
                                                                         
    C:\Users\Gilad\AppData\Local\Temp\
       {EE09F9F1-620B-49C6-978B-AFBBF5A3D4CF}   152     0         4      
    +--+----------------------------------------+-------+---------+---------+
       Total:                                   152     0         4      
                                                                         
    C:\ti\simplelink_cc13x0_sdk_3_20_00_23\source\ti\blestack\rom\ble_rom_releases\04242014\
       ble_rom_patch.symbols                    920     0         0      
    +--+----------------------------------------+-------+---------+---------+
       Total:                                   920     0         0      
                                                                         
    C:/ti/simplelink_cc13x0_sdk_3_20_00_23/source/ti/devices/cc13x0/driverlib/bin/ccs/driverlib.lib
       interrupt.obj                            196     0         0      
       flash.obj                                56      0         0      
       cpu.obj                                  24      0         0      
       vims.obj                                 20      0         0      
    +--+----------------------------------------+-------+---------+---------+
       Total:                                   296     0         0      
                                                                         
    C:\ti\ccs920\ccs\tools\compiler\ti-cgt-arm_18.12.3.LTS\lib\rtsv7M3_T_le_eabi.lib
       ull_div_t2.asm.obj                       158     0         0      
       memcpy_t2.asm.obj                        156     0         0      
       memset_t2.asm.obj                        122     0         0      
       copy_decompress_lzss.c.obj               104     0         0      
       autoinit.c.obj                           76      0         0      
       memcmp.c.obj                             36      0         0      
       ll_mul_t2.asm.obj                        32      0         0      
       copy_zero_init.c.obj                     28      0         0      
       strlen.c.obj                             20      0         0      
       copy_decompress_none.c.obj               14      0         0      
       div0.asm.obj                             2       0         0      
    +--+----------------------------------------+-------+---------+---------+
       Total:                                   748     0         0      
                                                                         
    C:\ti\simplelink_cc13x0_sdk_3_20_00_23\source\ti\blestack\blelib\ctrl\cc1350\cc1350_ctrl_pxxx.a
       ll_patch.o                               4372    1678      280    
       ll_common_patch.o                        3084    0         20     
       ll_slave_end_causes_patch.o              1790    0         2      
       hci_event_patch.o                        1360    0         16     
       ble_patch.o                              1324    0         0      
       ll_adv_end_causes_patch.o                1068    0         0      
       ll_isr.o                                 1044    0         0      
       hci_patch.o                              718     68        0      
       ll_scheduler_patch.o                     428     0         0      
       ll_enc_patch.o                           328     0         0      
       ll_wl_patch.o                            174     0         0      
       hci_data_patch.o                         168     0         0      
       ll_config.o                              0       80        32     
       ll_sleep.o                               58      0         0      
       ll_rat_patch.o                           16      0         0      
    +--+----------------------------------------+-------+---------+---------+
       Total:                                   15932   1826      350    
                                                                         
    C:\ti\simplelink_cc13x0_sdk_3_20_00_23\source\ti\blestack\blelib\hci_tl\cc26xx\cc26xx_hci_tl_none.a
       hci_tl.o                                 180     0         6      
    +--+----------------------------------------+-------+---------+---------+
       Total:                                   180     0         6      
                                                                         
    C:\ti\simplelink_cc13x0_sdk_3_20_00_23\source\ti\blestack\blelib\host\host_pxxx.a
       gattservapp.o                            4088    8         57     
       gatt_server.o                            2902    0         13     
       gap_linkmgr.o                            2484    0         32     
       sm_pairing.o                             2020    0         12     
       sm_mgr.o                                 1724    0         0      
       l2cap_util.o                             1672    0         1      
       gap_peridevmgr.o                         1588    0         28     
       att_util.o                               1524    0         0      
       sm_rsppairing.o                          1400    0         16     
       gapgattserver.o                          832     8         155    
       gap_configmgr.o                          848     0         124    
       smp.o                                    914     0         0      
       linkdb.o                                 760     0         56     
       gap_task.o                               768     0         16     
       gatt_task.o                              758     0         11     
       l2cap_task.o                             694     0         58     
       att_server.o                             488     0         4      
       l2cap_if.o                               394     0         1      
       gatt_uuid.o                              278     0         0      
       gap_perilinkmgr.o                        272     0         4      
       sm_task.o                                240     0         1      
       gap_devmgr.o                             176     0         9      
    +--+----------------------------------------+-------+---------+---------+
       Total:                                   26824   16        598    
                                                                         
       Linker Generated:                        0       1176      0      
    +--+----------------------------------------+-------+---------+---------+
       Grand Total:                             56304   8898      1458   


LINKER GENERATED COPY TABLES

__TI_cinit_table @ 0001da44 records: 2, size/record: 8, table size: 16
	.data: load addr=0001da58, load size=00000474 bytes, run addr=20004478, run size=0000046c bytes, compression=copy
	.bss: load addr=0001ded0, load size=00000008 bytes, run addr=20004330, run size=00000148 bytes, compression=zero_init


LINKER GENERATED HANDLER TABLE

__TI_handler_table @ 0001da38 records: 3, size/record: 4, table size: 12
	index: 0, handler: __TI_decompress_lzss
	index: 1, handler: __TI_decompress_none
	index: 2, handler: __TI_zero_init


FAR CALL TRAMPOLINES

callee name               trampoline name
   callee addr  tramp addr   call addr  call info
--------------  -----------  ---------  ----------------
__TI_auto_init_nobinit_nopinit  $Tramp$TT$S$$__TI_auto_init_nobinit_nopinit
   0000f72d     0000f470     0000f00c   icall_startup.obj (EntrySection:startup_entry)
L2CAP_SetUserConfig       $Tramp$TT$S$$L2CAP_SetUserConfig
   00013b49     0000f478     0000f06c   icall_startup.obj (EntrySection:startup_entry)
ICall_enrollService$21    $Tramp$TT$S$$ICall_enrollService$21
   0001c3e5     0000f480     0000f0c6   icall_startup.obj (EntrySection:startup_entry)
                             0000f1ec   icall_startup.obj (EntrySection:startup_entry)
halAssertHandlerExt       $Tramp$TT$S$$halAssertHandlerExt
   0001c351     0000f488     0000f0d6   icall_startup.obj (EntrySection:startup_entry)
HalFlashRead              $Tramp$TT$S$$HalFlashRead
   0001a26d     0000f490     0000f100   icall_startup.obj (EntrySection:startup_entry)
findOffset$13             $Tramp$TT$S$$findOffset$13
   0001c41d     0000f498     0000f112   icall_startup.obj (EntrySection:startup_entry)
                             0000f12a   icall_startup.obj (EntrySection:startup_entry)
compactPage$13            $Tramp$TT$S$$compactPage$13
   0001a64d     0000f4a0     0000f116   icall_startup.obj (EntrySection:startup_entry)
erasePage$13              $Tramp$TT$S$$erasePage$13
   0001a5f9     0000f4a8     0000f11c   icall_startup.obj (EntrySection:startup_entry)
setActivePage$13          $Tramp$TT$S$$setActivePage$13
   0001a639     0000f4b0     0000f120   icall_startup.obj (EntrySection:startup_entry)
osal_mem_alloc            $Tramp$TT$S$$osal_mem_alloc
   0001c23d     0000f4b8     0000f142   icall_startup.obj (EntrySection:startup_entry)
                             0000f15c   icall_startup.obj (EntrySection:startup_entry)
osal_memset               $Tramp$TT$S$$osal_memset
   0001a0f9     0000f4c0     0000f14c   icall_startup.obj (EntrySection:startup_entry)
                             0000f156   icall_startup.obj (EntrySection:startup_entry)
                             0000f16a   icall_startup.obj (EntrySection:startup_entry)
                             0000f18c   icall_startup.obj (EntrySection:startup_entry)
LL_Init                   $Tramp$TT$S$$LL_Init
   0001801f     0000f4c8     0000f170   icall_startup.obj (EntrySection:startup_entry)
HCI_Init                  $Tramp$TT$S$$HCI_Init
   00019e49     0000f4d0     0000f176   icall_startup.obj (EntrySection:startup_entry)
L2CAP_Init                $Tramp$TT$S$$L2CAP_Init
   00013b4d     0000f4d8     0000f192   icall_startup.obj (EntrySection:startup_entry)
GAP_Init                  $Tramp$TT$S$$GAP_Init
   0001144f     0000f4e0     0000f198   icall_startup.obj (EntrySection:startup_entry)
SM_Init                   $Tramp$TT$S$$SM_Init
   00015b95     0000f4e8     0000f19e   icall_startup.obj (EntrySection:startup_entry)
GATT_Init                 $Tramp$TT$S$$GATT_Init
   00012617     0000f4f0     0000f1a4   icall_startup.obj (EntrySection:startup_entry)
GATTServApp_Init          $Tramp$TT$S$$GATTServApp_Init
   000129e1     0000f4f8     0000f1aa   icall_startup.obj (EntrySection:startup_entry)
GAP_RegisterBondMgrCBs    $Tramp$TT$S$$GAP_RegisterBondMgrCBs
   00011713     0000f500     0000f1b8   icall_startup.obj (EntrySection:startup_entry)
gapBondMgrReadBonds$16    $Tramp$TT$S$$gapBondMgrReadBonds$16
   0001ad6d     0000f508     0000f1bc   icall_startup.obj (EntrySection:startup_entry)
osal_snv_read             $Tramp$TT$S$$osal_snv_read
   0001a2f9     0000f510     0000f1c8   icall_startup.obj (EntrySection:startup_entry)
ICall_getTicks$7          $Tramp$TT$S$$ICall_getTicks$7
   0001c449     0000f518     0000f20c   icall_startup.obj (EntrySection:startup_entry)
                             0000f256   icall_startup.obj (EntrySection:startup_entry)
ICall_setTimer$7          $Tramp$TT$S$$ICall_setTimer$7
   0001c469     0000f520     0000f244   icall_startup.obj (EntrySection:startup_entry)
ICall_abort$7             $Tramp$TT$S$$ICall_abort$7
   0001c36d     0000f528     0000f24a   icall_startup.obj (EntrySection:startup_entry)
                             0000f348   icall_startup.obj (EntrySection:startup_entry)
osal_next_timeout         $Tramp$TT$S$$osal_next_timeout
   0001c4a9     0000f530     0000f252   icall_startup.obj (EntrySection:startup_entry)
                             0000f3e6   icall_startup.obj (EntrySection:startup_entry)
__aeabi_lmul              $Tramp$TT$S$$__aeabi_lmul
   0000f679     0000f538     0000f26c   icall_startup.obj (EntrySection:startup_entry)
                             0000f282   icall_startup.obj (EntrySection:startup_entry)
__aeabi_uldivmod          $Tramp$TT$S$$__aeabi_uldivmod
   0000f569     0000f540     0000f276   icall_startup.obj (EntrySection:startup_entry)
                             0000f28a   icall_startup.obj (EntrySection:startup_entry)
osalTimerUpdate           $Tramp$TT$S$$osalTimerUpdate
   0001c4d1     0000f548     0000f2e0   icall_startup.obj (EntrySection:startup_entry)
osal_alien2proxy$7        $Tramp$TT$S$$osal_alien2proxy$7
   0001c391     0000f550     0000f324   icall_startup.obj (EntrySection:startup_entry)
osal_msg_send             $Tramp$TT$S$$osal_msg_send
   0001bf91     0000f558     0000f33e   icall_startup.obj (EntrySection:startup_entry)
ICall_setTimerMSecs$7     $Tramp$TT$S$$ICall_setTimerMSecs$7
   0001c5b5     0000f560     0000f420   icall_startup.obj (EntrySection:startup_entry)
HCI_ReadBDADDRCmd         $Tramp$TT$L$PI$$HCI_ReadBDADDRCmd
   10009765     0001c874     0000ff96   host_pxxx.a : gap_configmgr.o (.text)
                             0001b5b6   ble_dispatch.obj (.text:processICallLL$5)
HCI_LE_SetRandomAddressCmd  $Tramp$TT$L$PI$$HCI_LE_SetRandomAddressCmd
   10009849     0001c87c     0001016e   host_pxxx.a : gap_configmgr.o (.text)
LL_ReadBDADDR             $Tramp$TT$L$PI$$LL_ReadBDADDR
   100056c9     0001c884     00010238   host_pxxx.a : gap_configmgr.o (.text)
HCI_DisconnectCmd         $Tramp$TT$L$PI$$HCI_DisconnectCmd
   10009525     0001c88c     000103ba   host_pxxx.a : gap_linkmgr.o (.text)
                             00010960               : gap_linkmgr.o (.text)
HCI_LE_SetAdvDataCmd      $Tramp$TT$L$PI$$HCI_LE_SetAdvDataCmd
   100098a1     0001c894     00010df4   host_pxxx.a : gap_peridevmgr.o (.text)
                             00011294               : gap_peridevmgr.o (.text)
HCI_LE_SetScanRspDataCmd  $Tramp$TT$L$PI$$HCI_LE_SetScanRspDataCmd
   100098bd     0001c89c     00010dfe   host_pxxx.a : gap_peridevmgr.o (.text)
                             0001129e               : gap_peridevmgr.o (.text)
HCI_LE_SetAdvEnableCmd    $Tramp$TT$L$PI$$HCI_LE_SetAdvEnableCmd
   100098d9     0001c8a4     00010e4c   host_pxxx.a : gap_peridevmgr.o (.text)
                             0001101c               : gap_peridevmgr.o (.text)
HCI_LE_SetAdvParamCmd     $Tramp$TT$L$PI$$HCI_LE_SetAdvParamCmd
   1000986d     0001c8ac     0001116a   host_pxxx.a : gap_peridevmgr.o (.text)
HCI_SetControllerToHostFlowCtrlCmd  $Tramp$TT$L$PI$$HCI_SetControllerToHostFlowCtrlCmd
   100095f5     0001c8b4     00013ad6   host_pxxx.a : l2cap_if.o (.text)
                             00013af8               : l2cap_if.o (.text)
HCI_HostBufferSizeCmd     $Tramp$TT$L$PI$$HCI_HostBufferSizeCmd
   10009631     0001c8bc     00013aee   host_pxxx.a : l2cap_if.o (.text)
HCI_HostNumCompletedPktCmd  $Tramp$TT$L$PI$$HCI_HostNumCompletedPktCmd
   1000965d     0001c8c4     00013b0e   host_pxxx.a : l2cap_if.o (.text)
HCI_SendDataPkt           $Tramp$TT$L$PI$$HCI_SendDataPkt
   100094e9     0001c8cc     00013fe8   host_pxxx.a : l2cap_util.o (.text)
HCI_bm_alloc              $Tramp$TT$L$PI$$HCI_bm_alloc
   100094a1     0001c8d4     0001446a   host_pxxx.a : l2cap_util.o (.text)
                             00017722   cc1350_ctrl_pxxx.a : ll_common_patch.o (.text)
LL_Encrypt                $Tramp$TT$L$PI$$LL_Encrypt
   100057d5     0001c8dc     00014aae   host_pxxx.a : sm_mgr.o (.text)
HCI_LE_LtkReqReplyCmd     $Tramp$TT$L$PI$$HCI_LE_LtkReqReplyCmd
   10009bc5     0001c8e4     000156d6   host_pxxx.a : sm_rsppairing.o (.text)
HCI_LE_LtkReqNegReplyCmd  $Tramp$TT$L$PI$$HCI_LE_LtkReqNegReplyCmd
   10009be1     0001c8ec     000156f0   host_pxxx.a : sm_rsppairing.o (.text)
llMemCopySrc              $Tramp$TT$L$PI$$llMemCopySrc
   100089d9     0001c8f4     0001607e   cc1350_ctrl_pxxx.a : ble_patch.o (.text)
                             0001608a                      : ble_patch.o (.text)
                             00016096                      : ble_patch.o (.text)
                             000160a2                      : ble_patch.o (.text)
                             000160c6                      : ble_patch.o (.text)
                             000160fe                      : ble_patch.o (.text)
                             0001610a                      : ble_patch.o (.text)
                             0001615e                      : ble_patch.o (.text)
                             0001616a                      : ble_patch.o (.text)
                             00016178                      : ble_patch.o (.text)
                             00016190                      : ble_patch.o (.text)
                             00016276                      : ble_patch.o (.text)
                             00016282                      : ble_patch.o (.text)
LL_ENC_ReverseBytes       $Tramp$TT$L$PI$$LL_ENC_ReverseBytes
   1000b4ed     0001c8fc     00016182   cc1350_ctrl_pxxx.a : ble_patch.o (.text)
                             00016198                      : ble_patch.o (.text)
LL_ENC_GenDeviceSKD       $Tramp$TT$L$PI$$LL_ENC_GenDeviceSKD
   1000b541     0001c904     000161a0   cc1350_ctrl_pxxx.a : ble_patch.o (.text)
LL_ENC_GenDeviceIV        $Tramp$TT$L$PI$$LL_ENC_GenDeviceIV
   1000b555     0001c90c     000161a8   cc1350_ctrl_pxxx.a : ble_patch.o (.text)
llEnqueueCtrlPkt          $Tramp$TT$L$PI$$llEnqueueCtrlPkt
   100080bd     0001c914     000161e2   cc1350_ctrl_pxxx.a : ble_patch.o (.text)
                             00016298                      : ble_patch.o (.text)
                             00018618                      : ll_patch.o (.text)
                             00019d88                      : ll_isr.o (.text)
llSetupUnknownRsp         $Tramp$TT$L$PI$$llSetupUnknownRsp
   10008069     0001c91c     000162ac   cc1350_ctrl_pxxx.a : ble_patch.o (.text)
                             000196e0                      : ll_slave_end_causes_patch.o (.text)
LL_RX_bm_alloc            $Tramp$TT$L$PI$$LL_RX_bm_alloc
   1000556d     0001c924     00016326   cc1350_ctrl_pxxx.a : ble_patch.o (.text)
                             0001636a                      : ble_patch.o (.text)
                             0001783e                      : ll_common_patch.o (.text)
llPatchCM0                $Tramp$TT$L$PI$$llPatchCM0
   1000adb1     0001c92c     000163e4   cc1350_ctrl_pxxx.a : ble_patch.o (.text)
RFHAL_AllocRatChan        $Tramp$TT$L$PI$$RFHAL_AllocRatChan
   10018315     0001c934     000163e8   cc1350_ctrl_pxxx.a : ble_patch.o (.text)
RFHAL_RegisterRatChanCallback  $Tramp$TT$L$PI$$RFHAL_RegisterRatChanCallback
   10018391     0001c93c     000163f4   cc1350_ctrl_pxxx.a : ble_patch.o (.text)
LL_CtrlToHostFlowControl  $Tramp$TT$L$PI$$LL_CtrlToHostFlowControl
   100058d5     0001c944     0001655e   cc1350_ctrl_pxxx.a : hci_data_patch.o (.text)
HCI_SendCommandCompleteEvent  $Tramp$TT$L$PI$$HCI_SendCommandCompleteEvent
   10008c81     0001c94c     00016b06   cc1350_ctrl_pxxx.a : hci_event_patch.o (.text)
HCI_CommandCompleteEvent  $Tramp$TT$L$PI$$HCI_CommandCompleteEvent
   10008add     0001c954     00016b9c   cc1350_ctrl_pxxx.a : hci_patch.o (.text)
                             00016c4e                      : hci_patch.o (.text)
                             00016c80                      : hci_patch.o (.text)
                             00016dce                      : hci_patch.o (.text)
                             00016dfa                      : hci_patch.o (.text)
HCI_CommandStatusEvent    $Tramp$TT$L$PI$$HCI_CommandStatusEvent
   10008ba1     0001c95c     00016c6a   cc1350_ctrl_pxxx.a : hci_patch.o (.text)
                             00016ce2                      : hci_patch.o (.text)
LL_EXT_ResetSystem        $Tramp$TT$L$PI$$LL_EXT_ResetSystem
   100070d5     0001c964     00016cfa   cc1350_ctrl_pxxx.a : hci_patch.o (.text)
LL_ReadLocalVersionInfo   $Tramp$TT$L$PI$$LL_ReadLocalVersionInfo
   1000589d     0001c96c     00016d8c   cc1350_ctrl_pxxx.a : hci_patch.o (.text)
llFreeTask                $Tramp$TT$L$PI$$llFreeTask
   1000abed     0001c974     00016e24   cc1350_ctrl_pxxx.a : ll_adv_end_causes_patch.o (.text)
                             00016f44                      : ll_adv_end_causes_patch.o (.text)
                             000175c8                      : ll_common_patch.o (.text)
                             00018e8c                      : ll_patch.o (.text)
LL_ENC_GeneratePseudoRandNum  $Tramp$TT$L$PI$$LL_ENC_GeneratePseudoRandNum
   1000b50d     0001c97c     00016e38   cc1350_ctrl_pxxx.a : ll_adv_end_causes_patch.o (.text)
                             00016ed0                      : ll_adv_end_causes_patch.o (.text)
llScheduler               $Tramp$TT$L$PI$$llScheduler
   1000a335     0001c984     00016f18   cc1350_ctrl_pxxx.a : ll_adv_end_causes_patch.o (.text)
                             000171ec                      : ll_adv_end_causes_patch.o (.text)
                             00018e54                      : ll_patch.o (.text)
                             00018e98                      : ll_patch.o (.text)
                             00019416                      : ll_slave_end_causes_patch.o (.text)
llConvertLstoToEvent      $Tramp$TT$L$PI$$llConvertLstoToEvent
   10008721     0001c98c     0001705a   cc1350_ctrl_pxxx.a : ll_adv_end_causes_patch.o (.text)
                             00019516                      : ll_slave_end_causes_patch.o (.text)
llConvertCtrlProcTimeoutToEvent  $Tramp$TT$L$PI$$llConvertCtrlProcTimeoutToEvent
   10008741     0001c994     00017064   cc1350_ctrl_pxxx.a : ll_adv_end_causes_patch.o (.text)
                             00019580                      : ll_slave_end_causes_patch.o (.text)
llCalcScaFactor           $Tramp$TT$L$PI$$llCalcScaFactor
   1000d94d     0001c99c     0001707e   cc1350_ctrl_pxxx.a : ll_adv_end_causes_patch.o (.text)
llConnTerminate           $Tramp$TT$L$PI$$llConnTerminate
   10008631     0001c9a4     0001712c   cc1350_ctrl_pxxx.a : ll_adv_end_causes_patch.o (.text)
                             00019016                      : ll_patch.o (.text)
                             000193a6                      : ll_slave_end_causes_patch.o (.text)
                             0001969a                      : ll_slave_end_causes_patch.o (.text)
                             0001978c                      : ll_slave_end_causes_patch.o (.text)
RFHAL_InitDataQueue       $Tramp$TT$L$PI$$RFHAL_InitDataQueue
   100183b9     0001c9ac     00017140   cc1350_ctrl_pxxx.a : ll_adv_end_causes_patch.o (.text)
                             00017576                      : ll_common_patch.o (.text)
                             000175a6                      : ll_common_patch.o (.text)
llEventDelta              $Tramp$TT$L$PI$$llEventDelta
   10008719     0001c9b4     0001726a   cc1350_ctrl_pxxx.a : ll_common_patch.o (.text)
                             00017b22                      : ll_common_patch.o (.text)
                             000194e2                      : ll_slave_end_causes_patch.o (.text)
                             00019530                      : ll_slave_end_causes_patch.o (.text)
LL_TX_bm_alloc            $Tramp$TT$L$PI$$LL_TX_bm_alloc
   10005549     0001c9bc     00017410   cc1350_ctrl_pxxx.a : ll_common_patch.o (.text)
                             00017478                      : ll_common_patch.o (.text)
                             00017b80                      : ll_common_patch.o (.text)
RFHAL_GetNextDataEntry    $Tramp$TT$L$PI$$RFHAL_GetNextDataEntry
   100184cd     0001c9c4     000174c4   cc1350_ctrl_pxxx.a : ll_common_patch.o (.text)
                             0001754a                      : ll_common_patch.o (.text)
                             0001758a                      : ll_common_patch.o (.text)
                             00019ca4                      : ll_isr.o (.text)
RFHAL_FreeNextTxDataEntry  $Tramp$TT$L$PI$$RFHAL_FreeNextTxDataEntry
   10018485     0001c9cc     000174ea   cc1350_ctrl_pxxx.a : ll_common_patch.o (.text)
                             00017544                      : ll_common_patch.o (.text)
RFHAL_GetTempDataEntry    $Tramp$TT$L$PI$$RFHAL_GetTempDataEntry
   100184d1     0001c9d4     00017554   cc1350_ctrl_pxxx.a : ll_common_patch.o (.text)
                             00017c3c                      : ll_common_patch.o (.text)
llReleaseConnId           $Tramp$TT$L$PI$$llReleaseConnId
   10008429     0001c9dc     000175c2   cc1350_ctrl_pxxx.a : ll_common_patch.o (.text)
llTimeCompare             $Tramp$TT$L$PI$$llTimeCompare
   1000d8c9     0001c9e4     00017698   cc1350_ctrl_pxxx.a : ll_common_patch.o (.text)
                             000178f2                      : ll_common_patch.o (.text)
HCI_HardwareErrorEvent    $Tramp$TT$L$PI$$HCI_HardwareErrorEvent
   10008bf5     0001c9ec     0001776a   cc1350_ctrl_pxxx.a : ll_common_patch.o (.text)
                             00017880                      : ll_common_patch.o (.text)
                             00017dd6                      : ll_common_patch.o (.text)
                             00018350                      : ll_patch.o (.text)
                             00018718                      : ll_patch.o (.text)
llGetCurrentTask          $Tramp$TT$L$PI$$llGetCurrentTask
   1000ac3d     0001c9f4     000178f8   cc1350_ctrl_pxxx.a : ll_common_patch.o (.text)
                             0001828a                      : ll_patch.o (.text)
                             00018e72                      : ll_patch.o (.text)
                             00018ff0                      : ll_patch.o (.text)
                             00018ffa                      : ll_patch.o (.text)
llTimeDelta               $Tramp$TT$L$PI$$llTimeDelta
   1000d8f5     0001c9fc     0001790c   cc1350_ctrl_pxxx.a : ll_common_patch.o (.text)
llSetupRejectInd          $Tramp$TT$L$PI$$llSetupRejectInd
   10007df5     0001ca04     00017b62   cc1350_ctrl_pxxx.a : ll_common_patch.o (.text)
                             000198cc                      : ll_slave_end_causes_patch.o (.text)
LL_ENC_Init               $Tramp$TT$L$PI$$LL_ENC_Init
   1000b4c9     0001ca0c     00017e78   cc1350_ctrl_pxxx.a : ll_enc_patch.o (.text)
                             00017ee6                      : ll_enc_patch.o (.text)
                             00018402                      : ll_patch.o (.text)
                             00019958                      : ll_sleep.o (.text)
LL_ENC_LoadKey            $Tramp$TT$L$PI$$LL_ENC_LoadKey
   1000b58d     0001ca14     00017e80   cc1350_ctrl_pxxx.a : ll_enc_patch.o (.text)
                             00017eee                      : ll_enc_patch.o (.text)
LL_ENC_GenerateNonce      $Tramp$TT$L$PI$$LL_ENC_GenerateNonce
   1000b569     0001ca1c     00017ea2   cc1350_ctrl_pxxx.a : ll_enc_patch.o (.text)
                             00017f12                      : ll_enc_patch.o (.text)
LL_ENC_EncryptMsg         $Tramp$TT$L$PI$$LL_ENC_EncryptMsg
   1000b721     0001ca24     00017eae   cc1350_ctrl_pxxx.a : ll_enc_patch.o (.text)
LL_ENC_DecryptMsg         $Tramp$TT$L$PI$$LL_ENC_DecryptMsg
   1000b851     0001ca2c     00017f22   cc1350_ctrl_pxxx.a : ll_enc_patch.o (.text)
LL_ENC_GenerateTrueRandNum  $Tramp$TT$L$PI$$LL_ENC_GenerateTrueRandNum
   1000b51d     0001ca34     00018260   cc1350_ctrl_pxxx.a : ll_patch.o (.text)
WL_Init                   $Tramp$TT$L$PI$$WL_Init
   1000d189     0001ca3c     000183fe   cc1350_ctrl_pxxx.a : ll_patch.o (.text)
LL_ClearWhiteList         $Tramp$TT$L$PI$$LL_ClearWhiteList
   10005719     0001ca44     00018406   cc1350_ctrl_pxxx.a : ll_patch.o (.text)
llReleaseAllConnId        $Tramp$TT$L$PI$$llReleaseAllConnId
   10008461     0001ca4c     00018464   cc1350_ctrl_pxxx.a : ll_patch.o (.text)
LL_ConnActive             $Tramp$TT$L$PI$$LL_ConnActive
   1000678d     0001ca54     000184e8   cc1350_ctrl_pxxx.a : ll_patch.o (.text)
                             00018570                      : ll_patch.o (.text)
                             000185ae                      : ll_patch.o (.text)
                             000185ea                      : ll_patch.o (.text)
                             00018722                      : ll_patch.o (.text)
                             00018f14                      : ll_patch.o (.text)
                             00018f5c                      : ll_patch.o (.text)
                             00018fe8                      : ll_patch.o (.text)
HCI_DataBufferOverflowEvent  $Tramp$TT$L$PI$$HCI_DataBufferOverflowEvent
   10008a2d     0001ca5c     00018744   cc1350_ctrl_pxxx.a : ll_patch.o (.text)
LL_DirectTestEndDoneCback  $Tramp$TT$L$PI$$LL_DirectTestEndDoneCback
   10009471     0001ca64     00018c42   cc1350_ctrl_pxxx.a : ll_patch.o (.text)
                             00018c78                      : ll_patch.o (.text)
llGetActiveTasks          $Tramp$TT$L$PI$$llGetActiveTasks
   1000aca9     0001ca6c     00018dec   cc1350_ctrl_pxxx.a : ll_patch.o (.text)
llSetupAdv                $Tramp$TT$L$PI$$llSetupAdv
   100073e5     0001ca74     00018e18   cc1350_ctrl_pxxx.a : ll_patch.o (.text)
llGetNumTasks             $Tramp$TT$L$PI$$llGetNumTasks
   1000ace1     0001ca7c     00018e6a   cc1350_ctrl_pxxx.a : ll_patch.o (.text)
llCheckForLstoDuringSL    $Tramp$TT$L$PI$$llCheckForLstoDuringSL
   1000c1b5     0001ca84     0001947c   cc1350_ctrl_pxxx.a : ll_slave_end_causes_patch.o (.text)
llEventInRange            $Tramp$TT$L$PI$$llEventInRange
   100086f1     0001ca8c     000194a4   cc1350_ctrl_pxxx.a : ll_slave_end_causes_patch.o (.text)
                             000194c4                      : ll_slave_end_causes_patch.o (.text)
LL_ReadRemoteVersionInfoCback  $Tramp$TT$L$PI$$LL_ReadRemoteVersionInfoCback
   100091e1     0001ca94     00019706   cc1350_ctrl_pxxx.a : ll_slave_end_causes_patch.o (.text)
                             000198f2                      : ll_slave_end_causes_patch.o (.text)
LL_EncLtkReqCback         $Tramp$TT$L$PI$$LL_EncLtkReqCback
   1000925d     0001ca9c     00019776   cc1350_ctrl_pxxx.a : ll_slave_end_causes_patch.o (.text)
LL_ENC_AES128_Encrypt     $Tramp$TT$L$PI$$LL_ENC_AES128_Encrypt
   1000b5f5     0001caa4     000197e4   cc1350_ctrl_pxxx.a : ll_slave_end_causes_patch.o (.text)
LL_EncKeyRefreshCback     $Tramp$TT$L$PI$$LL_EncKeyRefreshCback
   100093dd     0001caac     0001982c   cc1350_ctrl_pxxx.a : ll_slave_end_causes_patch.o (.text)
LL_EncChangeCback         $Tramp$TT$L$PI$$LL_EncChangeCback
   1000933d     0001cab4     00019836   cc1350_ctrl_pxxx.a : ll_slave_end_causes_patch.o (.text)
llSetupPauseEncRsp        $Tramp$TT$L$PI$$llSetupPauseEncRsp
   10007d55     0001cabc     00019858   cc1350_ctrl_pxxx.a : ll_slave_end_causes_patch.o (.text)
llSetupEncRsp             $Tramp$TT$L$PI$$llSetupEncRsp
   10007b95     0001cac4     000198b6   cc1350_ctrl_pxxx.a : ll_slave_end_causes_patch.o (.text)
llSetupStartEncRsp        $Tramp$TT$L$PI$$llSetupStartEncRsp
   10007ca9     0001cacc     000198c4   cc1350_ctrl_pxxx.a : ll_slave_end_causes_patch.o (.text)
llSetupVersionIndReq      $Tramp$TT$L$PI$$llSetupVersionIndReq
   10007f29     0001cad4     000198e0   cc1350_ctrl_pxxx.a : ll_slave_end_causes_patch.o (.text)
llMoveTempTxDataEntries   $Tramp$TT$L$PI$$llMoveTempTxDataEntries
   1000afa1     0001cadc     00019946   cc1350_ctrl_pxxx.a : ll_slave_end_causes_patch.o (.text)
WL_ClearEntry             $Tramp$TT$L$PI$$WL_ClearEntry
   1000d1f5     0001cae4     00019994   cc1350_ctrl_pxxx.a : ll_wl_patch.o (.text)
RFHAL_NextDataEntryDone   $Tramp$TT$L$PI$$RFHAL_NextDataEntryDone
   100184d5     0001caec     00019da6   cc1350_ctrl_pxxx.a : ll_isr.o (.text)
HCI_LE_ClearWhiteListCmd  $Tramp$TT$L$PI$$HCI_LE_ClearWhiteListCmd
   100099f9     0001caf4     0001a956   gapbondmgr.obj (.text:gapBondMgr_SyncWhiteList$16)
                             0001b59a   ble_dispatch.obj (.text:processICallLL$5)
HCI_LE_AddWhiteListCmd    $Tramp$TT$L$PI$$HCI_LE_AddWhiteListCmd
   10009a15     0001cafc     0001a970   gapbondmgr.obj (.text:gapBondMgr_SyncWhiteList$16)
                             0001b596   ble_dispatch.obj (.text:processICallLL$5)
HCI_EXT_NumComplPktsLimitCmd  $Tramp$TT$L$PI$$HCI_EXT_NumComplPktsLimitCmd
   1000a1b5     0001cb04     0001b4c8   ble_dispatch.obj (.text:processICallLL$5)
HCI_EXT_BuildRevisionCmd  $Tramp$TT$L$PI$$HCI_EXT_BuildRevisionCmd
   1000a109     0001cb0c     0001b4dc   ble_dispatch.obj (.text:processICallLL$5)
HCI_EXT_SetSlaveLatencyOverrideCmd  $Tramp$TT$L$PI$$HCI_EXT_SetSlaveLatencyOverrideCmd
   10009e6d     0001cb14     0001b4e2   ble_dispatch.obj (.text:processICallLL$5)
HCI_EXT_AdvEventNoticeCmd  $Tramp$TT$L$PI$$HCI_EXT_AdvEventNoticeCmd
   1000a0f1     0001cb1c     0001b4f6   ble_dispatch.obj (.text:processICallLL$5)
HCI_EXT_PERbyChanCmd      $Tramp$TT$L$PI$$HCI_EXT_PERbyChanCmd
   1000a075     0001cb24     0001b4fe   ble_dispatch.obj (.text:processICallLL$5)
HCI_EXT_PacketErrorRateCmd  $Tramp$TT$L$PI$$HCI_EXT_PacketErrorRateCmd
   1000a031     0001cb2c     0001b506   ble_dispatch.obj (.text:processICallLL$5)
HCI_EXT_DisconnectImmedCmd  $Tramp$TT$L$PI$$HCI_EXT_DisconnectImmedCmd
   1000a011     0001cb34     0001b50c   ble_dispatch.obj (.text:processICallLL$5)
HCI_EXT_SetMaxDtmTxPowerCmd  $Tramp$TT$L$PI$$HCI_EXT_SetMaxDtmTxPowerCmd
   10009fd1     0001cb3c     0001b512   ble_dispatch.obj (.text:processICallLL$5)
HCI_EXT_EnablePTMCmd      $Tramp$TT$L$PI$$HCI_EXT_EnablePTMCmd
   10009f69     0001cb44     0001b516   ble_dispatch.obj (.text:processICallLL$5)
HCI_EXT_SetSCACmd         $Tramp$TT$L$PI$$HCI_EXT_SetSCACmd
   10009f49     0001cb4c     0001b51c   ble_dispatch.obj (.text:processICallLL$5)
HCI_EXT_SetBDADDRCmd      $Tramp$TT$L$PI$$HCI_EXT_SetBDADDRCmd
   10009f0d     0001cb54     0001b522   ble_dispatch.obj (.text:processICallLL$5)
HCI_EXT_EndModemTestCmd   $Tramp$TT$L$PI$$HCI_EXT_EndModemTestCmd
   10009eed     0001cb5c     0001b526   ble_dispatch.obj (.text:processICallLL$5)
HCI_EXT_ModemTestRxCmd    $Tramp$TT$L$PI$$HCI_EXT_ModemTestRxCmd
   10009ecd     0001cb64     0001b52c   ble_dispatch.obj (.text:processICallLL$5)
HCI_EXT_ModemHopTestTxCmd  $Tramp$TT$L$PI$$HCI_EXT_ModemHopTestTxCmd
   10009ead     0001cb6c     0001b530   ble_dispatch.obj (.text:processICallLL$5)
HCI_EXT_ModemTestTxCmd    $Tramp$TT$L$PI$$HCI_EXT_ModemTestTxCmd
   10009e8d     0001cb74     0001b538   ble_dispatch.obj (.text:processICallLL$5)
HCI_EXT_SetFastTxResponseTimeCmd  $Tramp$TT$L$PI$$HCI_EXT_SetFastTxResponseTimeCmd
   10009e4d     0001cb7c     0001b53e   ble_dispatch.obj (.text:processICallLL$5)
HCI_EXT_SetLocalSupportedFeaturesCmd  $Tramp$TT$L$PI$$HCI_EXT_SetLocalSupportedFeaturesCmd
   10009e2d     0001cb84     0001b544   ble_dispatch.obj (.text:processICallLL$5)
HCI_EXT_DecryptCmd        $Tramp$TT$L$PI$$HCI_EXT_DecryptCmd
   10009dd1     0001cb8c     0001b54c   ble_dispatch.obj (.text:processICallLL$5)
HCI_EXT_OnePktPerEvtCmd   $Tramp$TT$L$PI$$HCI_EXT_OnePktPerEvtCmd
   10009d45     0001cb94     0001b552   ble_dispatch.obj (.text:processICallLL$5)
HCI_EXT_SetTxPowerCmd     $Tramp$TT$L$PI$$HCI_EXT_SetTxPowerCmd
   10009d09     0001cb9c     0001b558   ble_dispatch.obj (.text:processICallLL$5)
HCI_LE_TestEndCmd         $Tramp$TT$L$PI$$HCI_LE_TestEndCmd
   10009c8d     0001cba4     0001b55c   ble_dispatch.obj (.text:processICallLL$5)
HCI_LE_ReadSupportedStatesCmd  $Tramp$TT$L$PI$$HCI_LE_ReadSupportedStatesCmd
   10009c15     0001cbac     0001b572   ble_dispatch.obj (.text:processICallLL$5)
HCI_LE_EncryptCmd         $Tramp$TT$L$PI$$HCI_LE_EncryptCmd
   10009af5     0001cbb4     0001b57a   ble_dispatch.obj (.text:processICallLL$5)
HCI_LE_ReadChannelMapCmd  $Tramp$TT$L$PI$$HCI_LE_ReadChannelMapCmd
   10009aa1     0001cbbc     0001b586   ble_dispatch.obj (.text:processICallLL$5)
HCI_LE_RemoveWhiteListCmd  $Tramp$TT$L$PI$$HCI_LE_RemoveWhiteListCmd
   10009a31     0001cbc4     0001b58e   ble_dispatch.obj (.text:processICallLL$5)
HCI_LE_ReadWhiteListSizeCmd  $Tramp$TT$L$PI$$HCI_LE_ReadWhiteListSizeCmd
   100099c9     0001cbcc     0001b59e   ble_dispatch.obj (.text:processICallLL$5)
HCI_LE_ReadAdvChanTxPowerCmd  $Tramp$TT$L$PI$$HCI_LE_ReadAdvChanTxPowerCmd
   100098f5     0001cbd4     0001b5a2   ble_dispatch.obj (.text:processICallLL$5)
HCI_LE_ReadLocalSupportedFeaturesCmd  $Tramp$TT$L$PI$$HCI_LE_ReadLocalSupportedFeaturesCmd
   10009829     0001cbdc     0001b5a6   ble_dispatch.obj (.text:processICallLL$5)
HCI_ReadLocalSupportedFeaturesCmd  $Tramp$TT$L$PI$$HCI_ReadLocalSupportedFeaturesCmd
   1000973d     0001cbe4     0001b5ba   ble_dispatch.obj (.text:processICallLL$5)
HCI_ReadTransmitPowerLevelCmd  $Tramp$TT$L$PI$$HCI_ReadTransmitPowerLevelCmd
   100095d1     0001cbec     0001b5d0   ble_dispatch.obj (.text:processICallLL$5)
HCI_SetEventMaskCmd       $Tramp$TT$L$PI$$HCI_SetEventMaskCmd
   10009571     0001cbf4     0001b5da   ble_dispatch.obj (.text:processICallLL$5)
HCI_ReadRemoteVersionInfoCmd  $Tramp$TT$L$PI$$HCI_ReadRemoteVersionInfoCmd
   10009541     0001cbfc     0001b5e0   ble_dispatch.obj (.text:processICallLL$5)
LL_PseudoRand             $Tramp$TT$L$PI$$LL_PseudoRand
   10005801     0001cc04     0001c60e   onboard.obj (.text:Onboard_rand)

[146 trampolines]
[241 trampoline calls]


GLOBAL SYMBOLS: SORTED ALPHABETICALLY BY Name 

address   name                                  
-------   ----                                  
10014c00  A1_rw                                 
10005000  A1_rw_1                               
10019ffe  A2_rw                                 
1000dffe  A2_rw_1                               
10019ffc  A3_rw                                 
1000dffc  A3_rw_1                               
20004f2c  A4_rw                                 
200048e8  A4_rw_1                               
20004f7c  ACCX                                  
20004f80  ACCY                                  
20004f84  ACCZ                                  
10015229  ATOMICPATTERN                         
0000f9b9  ATT_BuildErrorRsp                     
0000f9e9  ATT_BuildExchangeMTUReq               
0000f9f5  ATT_BuildExchangeMTURsp               
0000fd41  ATT_BuildExecuteWriteReq              
0000fa7f  ATT_BuildFindByTypeValueReq           
0000fae9  ATT_BuildFindByTypeValueRsp           
0000fa1b  ATT_BuildFindInfoReq                  
0000fa27  ATT_BuildFindInfoRsp                  
0000fd65  ATT_BuildHandleValueInd               
0000fcbf  ATT_BuildPrepareWriteReq              
0000fcf1  ATT_BuildPrepareWriteRsp              
0000fc01  ATT_BuildReadBlobReq                  
0000fc3f  ATT_BuildReadBlobRsp                  
0000fc81  ATT_BuildReadByGrpTypeRsp             
0000fb11  ATT_BuildReadByTypeReq                
[...]
1000a195  HCI_EXT_OverlappedProcessingCmd       
1000a1b5  HCI_EXT_NumComplPktsLimitCmd          
1000a1d5  LL_RandCback                          
1000a201  LL_EXT_SetRxGainCback                 
1000a211  LL_EXT_SetTxPowerCback                
1000a259  LL_EXT_PacketErrorRateCback           
1000a2ad  LL_EXT_ExtendRfRangeCback             
1000a335  llScheduler                           
1000a895  llFindStartType                       
1000a939  llFindNextSecTask                     
1000abed  llFreeTask                            
1000ac3d  llGetCurrentTask                      
1000aca9  llGetActiveTasks                      
1000ace1  llGetNumTasks                         
1000adb1  llPatchCM0                            
1000ae41  llRatChanCBack_B                      
1000ae45  llRatChanCBack_C                      
1000ae49  llRatChanCBack_D                      
1000ae4d  llSetupScanDataEntryQueue             
1000ae95  llSetupInitDataEntryQueue             
1000aeb1  llSetupAdvDataEntryQueue              
1000afa1  llMoveTempTxDataEntries               
1000b009  llGetNumTxDataEntries                 
1000b4c9  LL_ENC_Init                           
1000b4ed  LL_ENC_ReverseBytes                   
1000b50d  LL_ENC_GeneratePseudoRandNum          
1000b51d  LL_ENC_GenerateTrueRandNum            
1000b541  LL_ENC_GenDeviceSKD                   
1000b555  LL_ENC_GenDeviceIV                    
1000b569  LL_ENC_GenerateNonce                  
1000b58d  LL_ENC_LoadKey                        
1000b5f5  LL_ENC_AES128_Encrypt                 
1000b639  LL_ENC_AES128_Decrypt                 
1000b721  LL_ENC_EncryptMsg                     
1000b851  LL_ENC_DecryptMsg                     
1000c1b5  llCheckForLstoDuringSL                
1000cd51  llAdv_TaskAbort                       
1000d189  WL_Init                               
1000d1f5  WL_ClearEntry                         
1000d229  WL_GetSize                            
1000d2d9  WL_AddEntry                           
1000d36d  WL_RemoveEntry                        
1000d4ad  llGetAdvChanPDU                       
1000d695  llGenerateValidAccessAddr             
1000d6b1  llGtSixConsecZerosOrOnes              
1000d6e5  llEqSynchWord                         
1000d6f5  llOneBitSynchWordDiffer               
1000d709  llEqualBytes                          
1000d731  llGtTwentyFourTransitions             
1000d761  llLtTwoChangesInLastSixBits           
1000d795  llEqAlreadyValidAddr                  
1000d7cd  HCI_ReverseBytes                      
1000d8c9  llTimeCompare                         
1000d8f5  llTimeDelta                           
1000d94d  llCalcScaFactor                       
1000d964  SCA                                   
1000d9b0  advChan                               
1000d9b4  advEvt2Cmd                            
1000d9c0  advEvt2State                          
1000d9e1  llTaskError                           
1000d9ec  Fill1_1                               
1000dffc  A3_rw_1                               
1000dffc  romRev                                
1000dffd  __checksum_end                        
1000dffe  A2_rw_1                               
1000dffe  P1_ro_2_1                             
1000dffe  __checksum                            
10014c00  A1_rw                                 
10014c00  __checksum_begin_CommonROM            
10014c01  COMMON_ROM_BASE_ADDR                  
10014c04  P1_ro                                 
10014c05  SCALARMUL_init                        
10014ced  SCALARMUL_core                        
10015019  SCALARMUL_final                       
100150e5  SCALARMUL                             
10015101  SAVEPOINT                             
10015141  GETBIT                                
10015155  GETDIGIT                              
100151a5  GETDIGITL2R                           
10015215  SelectReg                             
10015229  ATOMICPATTERN                         
100154f5  JACADD                                
1001568d  INVERT                                
10015821  SQUAREMULTIPLYWORD                    
1001588c  LUTOPCODE                             
10015894  LUTOPSIGN                             
100158ac  LUTC                                  
100158c4  LUTSE                                 
100158dc  LUTINCI                               
100158f4  LUTJ                                  
1001596c  LUTSTATE                              
100159a9  IMPORTLENGTH                          
100159ad  IMPORTMODULUS                         
100159d1  IMPORTOPERAND                         
10015a11  EXPORTOPERAND                         
10015a35  IMPORTDATA                            
10015a51  SETOPERAND                            
10015a6d  COPY                                  
10015a85  ZERO                                  
10015a91  SETWORD                               
10015a9d  mSET                                  
10015bcd  zSET                                  
10015bd5  mINVK                                 
10015d19  zADD                                  
10015d5d  zSUB                                  
10015de9  zMACC32                               
10015e69  zSUB32                                
10015eb5  zADD32                                
10015f0d  zMULT32                               
10015f81  mMULT                                 
10016551  mADD                                  
1001664d  mSUB                                  
10016749  mOUT                                  
10016975  ssp_KeyInit_Sw                        
10016979  sspAesEncrypt_Sw                      
10016985  sspKeyExpansion_Sw                    
10016a99  sspAesEncryptKeyExp_Sw                
10016af5  sspAesEncryptBasic_Sw                 
10016b79  RoundKey_Sw                           
10016c29  AddRoundKeySubBytes_Sw                
10016c45  ShiftRows_Sw                          
10016c79  MixColumns_Sw                         
10016d05  FFMult_Sw                             
10016d29  sspAesDecrypt_Sw                      
10016da1  InvAddRoundKey_Sw                     
10016dc9  InvRoundKey_Sw                        
10016e8d  InvSubBytes_Sw                        
10016ea1  InvShiftRows_Sw                       
10016ed5  InvMixColumns_Sw                      
10016f58  FFMult2                               
10017058  FFMult3                               
10017158  RCon                                  
10017164  Sbox                                  
10017264  InvSbox                               
10017365  SSP_CCM_Auth_Sw                       
100174fd  SSP_CCM_Encrypt_Sw                    
100175ed  SSP_CTR_Encrypt_Sw                    
1001767d  SSP_CCM_Decrypt_Sw                    
10017771  SSP_CTR_Decrypt_Sw                    
10017839  SSP_CCM_InvAuth_Sw                    
10017895  SSP_CCM_Auth_Encrypt_Sw               
100178f5  SSP_CCM_InvAuth_Decrypt_Sw            
10017959  ECC_allocWorkzone                     
10017961  ECC_setWin                            
10017969  ECDSA_sign                            
10017b01  ECDSA_verif                           
10017dbd  ECC_keyGen                            
10017ded  ECDH_commonKey                        
10017e39  SHA256_updateW                        
10017e75  SHA256_round                          
10017ef1  SHA256_nextState                      
10017f49  SHA256_saveBuffer                     
10017ffd  SHA256_init                           
10018019  SHA256_process                        
10018089  SHA256_final                          
10018129  SHA256_full                           
10018315  RFHAL_AllocRatChan                    
1001833d  RFHAL_FreeRatChan                     
10018369  RFHAL_MapRatChansToInt                
10018391  RFHAL_RegisterRatChanCallback         
100183b9  RFHAL_InitDataQueue                   
100183c5  RFHAL_QueueRFDataEntries              
10018485  RFHAL_FreeNextTxDataEntry             
100184a9  RFHAL_AllocDataEntryQueue             
100184c5  RFHAL_FreeDataEntryQueue              
100184cd  RFHAL_GetNextDataEntry                
100184d1  RFHAL_GetTempDataEntry                
100184d5  RFHAL_NextDataEntryDone               
100184f9  RFHAL_AllocDataEntry                  
10018549  RFHAL_FreeDataEntry                   
10018551  RFHAL_BuildRingBuffer                 
100185e1  RFHAL_BuildDataEntryRingBuffer        
10018669  RFHAL_BuildLinkedBuffer               
10018a19  AesCcm_authEncrypt_Sw                 
10018a35  AesCcm_decryptAuth_Sw                 
10018a99  Aes_encrypt_Sw                        
10018ac5  Aes_decrypt_Sw                        
10018b09  AesCcm_getNumBlocks_Sw                
10018b0c  NIST256_p                             
10018b30  NIST256_r                             
10018b54  NIST256_a                             
10018b78  NIST256_b                             
10018b9c  NIST256_Gx                            
10018bc0  NIST256_Gy                            
10018ced  __exit                                
10018d6c  Fill1                                 
10019ffc  A3_rw                                 
10019ffd  __checksum_end_CommonROM              
10019ffe  A2_rw                                 
10019ffe  P1_ro_2                               
10019ffe  __checksum_CommonROM                  
20004334  pGapDiscReq                           
20004338  pGapAdvertState                       
2000433c  gapState                              
2000433d  gattNumConns                          
2000433e  gattTaskID                            
20004340  pfnPeripheralConnCBs                  
20004344  pfnBondMgrCBs                         
2000434c  serverInfoTbl                         
20004370  GATTServApp_TaskID                    
20004380  l2capFixedChannels                    
200043b0  l2capId                               
200043b1  smTaskID                              
200043b4  linkDBNumConns                        
200043ec  pPairingParams                        
200043f0  pfnResponderCBs                       
200043f8  pBleEvtMask                           
20004400  pHciEvtMask2                          
20004408  featureSetMask                        
20004410  rfEvent                               
20004418  hciTaskID                             
20004419  hciTestTaskID                         
2000441a  hciGapTaskID                          
2000441b  hciL2capTaskID                        
2000441c  hciSmpTaskID                          
2000441d  hciExtTaskID                          
20004424  bleDispatch_TaskID                    
20004425  rspBuf                                
20004460  timerHead                             
20004468  ICall_dispatcher                      
2000446c  ICall_enterCriticalSection            
20004470  ICall_leaveCriticalSection            
20004474  tasksEvents                           
20004494  gapAppTaskID                          
20004495  gapProfileRole                        
20004496  gapDeviceAddrMode                     
20004497  gapAutoAdvPrivateAddrChange           
20004498  gapPrivateAddrChangeTimeout           
200044f8  slaveUpdateReq                        
20004500  slaveConnHandle                       
20004504  pEstLink                              
20004508  pAuthLink                             
2000450c  pfnCentralConnCBs                     
20004530  gapTaskID                             
20004531  gapUnwantedTaskID                     
20004534  pfnPeripheralCBs                      
2000453f  reqTaskId                             
200045d4  nextHandle                            
200045dc  gattAppTaskID                         
200045dd  appTaskID                             
200045de  l2capMtuSize                          
200045f0  l2capTaskID                           
200045f1  l2capNumChannels                      
200045f2  l2capNumDataPkts                      
200045f4  l2capChannels                         
20004614  llUserConfig                          
20004638  maxPduSize                            
20004639  rfFeModeBias                          
2000463a  advInfoExt                            
2000463b  maxNumTxDataBufs                      
2000463c  rfCmdHandle                           
20004640  rfParams                              
2000465c  rfHandle                              
20004660  rfDrvTblPtr                           
20004664  llConnectionExt                       
20004668  trngDrvTblPtr                         
2000466c  SysBootMsg                            
20004670  sclkSrc                               
20004674  rfMode                                
20004684  rfSetup                               
200046a0  rfObject                              
20004748  assertSubcause                        
20004749  legacyMode                            
2000474c  halAssertCback                        
20004751  osal_entity                           
20004758  osal_qHead                            
2000475c  osal_eventloop_hook                   
20004760  osal_semaphore                        
20004764  osal_last_timestamp                   
20004768  osal_tickperiod                       
2000476c  osal_max_msecs                        
2000477c  baseTaskID                            
20004780  cbTimers                              
200047fc  OSAL_timeSeconds                      
20004800  pwrmgr_initialized                    
20004802  pwrmgr_attribute                      
20004815  gapBond_removeLRUBond                 
2000483e  gapBond_lruBondList                   
200048e8  A4_rw_1                               
200048e8  RAM_BASE_ADDR                         
200048fc  P2_zi_1                               
200048fc  scanDataEntry                         
200049dc  scanDataQueue                         
200049ec  advInfo                               
20004a8c  wlTable                               
20004b10  wlTableScan                           
20004b94  initDataEntry                         
20004bcc  initDataQueue                         
20004bdc  advDataEntry                          
20004c14  advDataQueue                          
20004c24  advCmd                                
20004c6c  ownPublicAddr                         
20004c74  ownRandomAddr                         
20004c7c  ownSavedPublicAddr                    
20004c84  LL_TaskID                             
20004c85  maxTxPwrForDTM                        
20004c86  onePktPerEvt                          
20004c87  numComplPktsLimit                     
20004c88  numComplPktsFlush                     
20004c89  slOverride                            
20004c8a  rxFifoFlowCtrl                        
20004c8b  numTxDataBufs                         
20004c8c  verInfo                               
20004c94  rfCfgAdiVal                           
20004c96  sleepDelay                            
20004c98  buildInfo                             
20004c9c  peerInfo                              
20004ca8  chanMapUpdate                         
20004cb0  llConns                               
20004cb8  llState                               
20004cb9  curTxPowerVal                         
20004cba  numComplPkts                          
20004cbb  fastTxRespTime                        
20004cbc  maxNumConns                           
20004cbe  postRfOperations                      
20004cc0  rssiCorrection                        
20004cc4  taskEndAction                         
20004cf0  initParam                             
20004d14  scanParam                             
20004d38  slvParam                              
20004d58  advParam                              
20004d78  txModemTestCmd                        
20004d94  scanInfo                              
20004db0  initCmd                               
20004dc8  connReqData                           
20004de0  slvCmd                                
20004df8  scanCmd                               
20004e10  scanOutput                            
20004e28  trxTestCmd                            
20004e40  rxModemTestCmd                        
20004e58  initInfo                              
20004e70  connOutput                            
20004e84  rxTestParam                           
20004e98  advOutput                             
20004ea8  txTestParam                           
20004eb8  initOutput                            
20004ec4  rxTestOut                             
20004ed0  deviceFeatureSet                      
20004edc  dtmInfo                               
20004ee8  cachedTRNGdata                        
20004ef4  llTaskList                            
20004f00  pHciEvtMask                           
20004f08  bleEvtMask                            
20004f0a  taskEndStatus                         
20004f0c  rxDataQ                               
20004f10  rxRingBuf                             
20004f14  mstCmd                                
20004f18  mstParam                              
20004f1c  txDataQ                               
20004f20  txTestOut                             
20004f24  ctrlToHostEnable                      
20004f26  numHostBufs                           
20004f28  hciPTMenabled                         
20004f2c  A4_rw                                 
20004f2c  COMMON_RAM_BASE_ADDR                  
20004f40  P2_rw                                 
20004f40  P2_s0                                 
20004f40  win                                   
20004f44  workzone                              
20004f48  data_p                                
20004f4c  data_r                                
20004f50  data_a                                
20004f54  inScalar                              
20004f58  inPointX                              
20004f5c  inPointY                              
20004f60  outPointX                             
20004f64  outPointY                             
20004f68  SCAL                                  
20004f6c  EXPX                                  
20004f70  EXPY                                  
20004f74  EXPZ                                  
20004f78  EXPW                                  
20004f7c  ACCX                                  
20004f80  ACCY                                  
20004f84  ACCZ                                  
20004f88  TMP1                                  
20004f8c  TMP2                                  
20004f90  TMP3                                  
20004f94  TMP4                                  
20004f98  TMP5                                  
20004f9c  TMP6                                  
20004fa0  data_Gx                               
20004fa4  data_Gy                               
20004fa8  data_b                                
20004fac  P2_zi                                 
20004fac  ratChanInfo                           
20004fcc  fwInfoCmd                             
20004fd8  MSBMOD                                
20004fdc  aux64                                 
20004fe4  MOD                                   
20004fe8  LEN                                   
20004ffc  pSspAesEncrypt_Sw                     
ffffffff  __TI_pprof_out_hndl                   
ffffffff  __TI_prof_data_size                   
ffffffff  __TI_prof_data_start                  
ffffffff  __binit__                             
ffffffff  __c_args__                            
ffffffff  binit                                 
UNDEFED   _system_post_cinit                    

[1148 symbols]
